// Jest Snapshot v1, https://goo.gl/fbAQLP

exports[`renderMetaTags generates an array of meta tags 1`] = `
<head>
  <title
    key="title"
  >
    A new Media Area is online! - DatoCMS
  </title>
  <meta
    content="A new Media Area is online!"
    key="meta-og:title"
    property="og:title"
  />
  <meta
    content="A new Media Area is online!"
    key="meta-twitter:title"
    name="twitter:title"
  />
  <link
    href="https://example.org/favicon.png?h=16&w=16"
    key="link-icon-16x16"
    rel="icon"
    sizes="16x16"
    type="image/png"
  />
  <link
    href="https://example.org/favicon.png?h=32&w=32"
    key="link-icon-32x32"
    rel="icon"
    sizes="32x32"
    type="image/png"
  />
</head>
`;
